// Jest Snapshot v1, https://goo.gl/fbAQLP

exports[`Mailbox should render the component 1`] = `
<section
  className="mailbox"
>
  <MailboxHeader
    mailbox="inbox"
    onClickDeleteEmails={[Function]}
  />
  <Connect(Emails)
    ids={
      Array [
        1,
        2,
      ]
    }
    mailbox="inbox"
  />
  <Route
    component={[Function]}
    path="/mailbox/inbox/:id"
  />
</section>
`;
