// Jest Snapshot v1, https://goo.gl/fbAQLP

exports[`EmailListItem should render the component 1`] = `
<li
  className="listItem"
>
  <Link
    className="row middle-xs emailRow "
    onClick={[Function]}
    replace={false}
    to="/mailbox/inbox/1"
  >
    <span
      className="col-sm-2"
    >
      MS Dhoni
    </span>
    <p
      className="col-sm-2 end-sm"
    >
      <span
        className="category"
      >
        <Badge
          className="documents"
          label="documents"
        />
      </span>
    </p>
    <p
      className="col-sm-5"
    >
      subject 1
    </p>
    <span
      className="col-sm-1 center-sm"
    >
      <i
        className="icon icon-attachment icon"
      />
    </span>
    <span
      className="col-sm-2 end-sm"
    >
      15 Jan
    </span>
  </Link>
</li>
`;
