// Jest Snapshot v1, https://goo.gl/fbAQLP

exports[`Layout should render the component 1`] = `
<div
  className="wrapper"
>
  <Connect(Sidebar)
    isOpen={false}
  />
  <div
    className="right"
  >
    <Header
      onClickHamburger={[Function]}
    />
    <main
      className="main"
    >
      <div
        className="routes"
      />
    </main>
  </div>
</div>
`;
