// Jest Snapshot v1, https://goo.gl/fbAQLP

exports[`Emails should render the component 1`] = `
<section
  className="emailDetails"
>
  <div
    className="row middle-sm"
  >
    <h1>
      subject 1
    </h1>
    <div>
      <Badge
        className="documents"
        label="documents"
      />
    </div>
  </div>
  <div
    className="detailRow row"
  >
    <div
      className="col-sm-6"
    >
      <div>
        <span
          className="label"
        >
          From: 
        </span>
        <span>
          MS Dhoni &lt;msDhoni@bcci.com&gt;
        </span>
      </div>
      <div>
        <span
          className="label"
        >
          To: 
        </span>
        <span />
      </div>
    </div>
    <div
      className="col-sm-6 end-sm"
    >
      <span>
        25 Dec
      </span>
    </div>
  </div>
  <p>
    Lorem ipsum dolor sit amet.
  </p>
</section>
`;
