// Jest Snapshot v1, https://goo.gl/fbAQLP

exports[`Categories should render the component 1`] = `
<ul
  className="list"
>
  <li
    className="listItem"
    key="work"
  >
    <i
      className="icon work"
    />
    <span
      className="name"
    >
      work
    </span>
  </li>
  <li
    className="listItem"
    key="documents"
  >
    <i
      className="icon documents"
    />
    <span
      className="name"
    >
      documents
    </span>
  </li>
  <li
    className="listItem"
    key="social"
  >
    <i
      className="icon social"
    />
    <span
      className="name"
    >
      social
    </span>
  </li>
  <li
    className="listItem"
    key="advertising"
  >
    <i
      className="icon advertising"
    />
    <span
      className="name"
    >
      advertising
    </span>
  </li>
  <li
    className="listItem"
    key="clients"
  >
    <i
      className="icon clients"
    />
    <span
      className="name"
    >
      clients
    </span>
  </li>
</ul>
`;
