// Jest Snapshot v1, https://goo.gl/fbAQLP

exports[`Header should render the component 1`] = `
<header
  className="header"
>
  <div
    className="row"
  >
    <div
      className="col-xs-6"
    >
      <div
        className="row middle-xs"
      >
        <i
          className="icon icon-hamburger hamburgerIcon"
          onClick={[MockFunction]}
        />
        <input
          className="search"
          placeholder="Search for something..."
        />
      </div>
    </div>
    <div
      className="col-xs-6"
    >
      <div
        className="row end-xs middle-xs rightIconsRow"
      >
        <div
          className="rightIcon"
        >
          <i
            className="icon icon-email-solid"
          />
          <div
            className="badge"
          >
            <Connect(InboxUnreadEmailsCount) />
          </div>
        </div>
        <div
          className="rightIcon"
        >
          <i
            className="icon icon-bell"
          />
          <div
            className="badge"
          >
            <Badge
              className="bellBadge"
              label={8}
            />
          </div>
        </div>
        <div
          className="row middle-xs logout"
          onClick={[Function]}
        >
          <i
            className="icon icon-logout logoutIcon"
          />
          <span>
            Log out
          </span>
        </div>
      </div>
    </div>
  </div>
</header>
`;
