// Jest Snapshot v1, https://goo.gl/fbAQLP

exports[`CreateEmail should render the component 1`] = `
<div
  className="modalPopup"
>
  <div
    className="overlay"
    onClick={[MockFunction]}
  />
  <section
    className="createEmail"
  >
    <form>
      <InputWithLabel
        className=""
        inputType="text"
        label="to"
        onChange={[Function]}
        placeholder=""
        textarea={false}
        value=""
      />
      <InputWithLabel
        className=""
        inputType="text"
        label="cc"
        onChange={[Function]}
        placeholder=""
        textarea={false}
        value=""
      />
      <InputWithLabel
        className=""
        inputType="text"
        label="subject"
        onChange={[Function]}
        placeholder=""
        textarea={false}
        value=""
      />
      <InputWithLabel
        className=""
        inputType="text"
        label="body"
        onChange={[Function]}
        placeholder=""
        textarea={true}
        value=""
      />
      <div
        className="row"
      >
        <div
          className="col-sm-6"
        >
          <Button
            className="submitButton"
            disabled={true}
            onClick={[Function]}
            type="primary"
          >
            Send
          </Button>
        </div>
        <div
          className="col-sm-6"
        >
          <Button
            className=""
            disabled={false}
            onClick={[MockFunction]}
            type="default"
          >
            Cancel
          </Button>
        </div>
      </div>
    </form>
  </section>
</div>
`;
