// Jest Snapshot v1, https://goo.gl/fbAQLP

exports[`Mailbox should render the component 1`] = `
<div
  className="row"
>
  <div
    className="col-sm-3"
  >
    <Connect(MailboxAside) />
  </div>
  <div
    className="col-sm-9"
  >
    <Switch>
      <Redirect
        exact={true}
        from="/mailbox"
        push={false}
        to="/mailbox/inbox"
      />
      <Route
        component={[Function]}
        path="mailbox/:mailbox"
      />
    </Switch>
  </div>
</div>
`;
