// Jest Snapshot v1, https://goo.gl/fbAQLP

exports[`EmailListItem should render the component 1`] = `
<li>
  <article
    className="row"
  >
    <span
      className="col-sm-2"
    >
      MS Dhoni
    </span>
    <span
      className="col-sm-1"
    />
    <span
      className="col-sm-6"
    />
    <span
      className="col-sm-1"
    >
      attachment 1
      attachment 1
    </span>
    <span
      className="col-sm-2"
    >
      15 Jan
    </span>
  </article>
</li>
`;
