// Jest Snapshot v1, https://goo.gl/fbAQLP

exports[`Mailbox should render the component 1`] = `
<div
  className="row"
>
  <div
    className="col-sm-3"
  >
    <MailboxAside />
  </div>
  <div
    className="col-sm-9"
  >
    <Switch>
      <Route
        component={[Function]}
        path="/mailbox/inbox"
      />
      <Route
        component={[Function]}
        path="/mailbox/sent"
      />
      <Route
        component={[Function]}
        path="/mailbox/important"
      />
      <Route
        component={[Function]}
        path="/mailbox/drafts"
      />
      <Route
        component={[Function]}
        path="/mailbox/trash"
      />
    </Switch>
  </div>
</div>
`;
