// Jest Snapshot v1, https://goo.gl/fbAQLP

exports[`Emails should render the component 1`] = `
<ul
  className="emailList"
>
  <EmailListItem
    email={
      Object {
        "from": "MS Dhoni",
        "id": 1,
        "subject": "subject 1",
      }
    }
    key="1"
    mailbox="inbox"
    onChangeCheckbox={[MockFunction]}
    onClickEmail={[MockFunction]}
  />
  <EmailListItem
    email={
      Object {
        "from": "Virat Kohli",
        "id": 1,
        "subject": "subject 2",
      }
    }
    key="1"
    mailbox="inbox"
    onChangeCheckbox={[MockFunction]}
    onClickEmail={[MockFunction]}
  />
</ul>
`;
